file[0] = Images\garbage.png
file[1] = Images\garbage.png
