ItemGroup[0] = Link: Content\Images\chuck.png Include: Images\chuck.png BuildAction: Content
ItemGroup[1] = Link: Content\Images\nerd.png Include: Images\nerd.png BuildAction: Content
