<?xml version="1.0"?>
<linky xmlns:xsi="http://www.w3.org/2001/XMLSchema-instance" xmlns:xsd="http://www.w3.org/2001/XMLSchema">
  <projects path="OurGame.iOS.csproj">
    <rules inputPattern="Assets\Images\*.png" />
  </projects>
  <projects path="OurGame.Droid.csproj">
    <rules inputPattern="Assets\Images\*.png" />
  </projects>
  <projects path="OurGame.WinRt.csproj">
    <rules inputPattern="Assets\Images\*.png" />
  </projects>
</linky>